<?xml version="1.0" encoding="utf-16"?>
<FlowDocument Style="{x:Null}" xmlns="http://schemas.microsoft.com/winfx/2006/xaml/presentation" xmlns:x="http://schemas.microsoft.com/winfx/2006/xaml">
  <Paragraph Tag="Heading1">Header1</Paragraph>
  <Paragraph Tag="Heading2">Header2</Paragraph>
  <List MarkerStyle="Disc">
    <ListItem>
      <Paragraph>depth 1-1</Paragraph>
      <List MarkerStyle="Disc">
        <ListItem>
          <Paragraph>depth 2-1</Paragraph>
        </ListItem>
        <ListItem>
          <Paragraph>depth 2-2</Paragraph>
        </ListItem>
      </List>
    </ListItem>
    <ListItem>
      <Paragraph>depth 1-2</Paragraph>
    </ListItem>
  </List>
  <Paragraph Tag="Heading2">Table</Paragraph>
  <Table>
    <Table.Columns>
      <TableColumn />
      <TableColumn />
    </Table.Columns>
    <TableRowGroup Tag="TableHeader">
      <TableRow>
        <TableCell>
          <Paragraph>col1</Paragraph>
        </TableCell>
        <TableCell>
          <Paragraph>col2</Paragraph>
        </TableCell>
      </TableRow>
    </TableRowGroup>
    <TableRowGroup Tag="TableBody">
      <TableRow Tag="OddTableRow">
        <TableCell>
          <Paragraph>val1</Paragraph>
        </TableCell>
        <TableCell>
          <Paragraph>val2</Paragraph>
        </TableCell>
      </TableRow>
    </TableRowGroup>
  </Table>
</FlowDocument>
