<?xml version="1.0" encoding="utf-16"?>
<FlowDocument Style="{x:Null}" xmlns="http://schemas.microsoft.com/winfx/2006/xaml/presentation" xmlns:x="http://schemas.microsoft.com/winfx/2006/xaml">
  <Table>
    <Table.Columns>
      <TableColumn />
    </Table.Columns>
    <TableRowGroup Tag="TableHeader">
      <TableRow>
        <TableCell>
          <Paragraph>firstTable</Paragraph>
        </TableCell>
      </TableRow>
    </TableRowGroup>
    <TableRowGroup Tag="TableBody">
      <TableRow Tag="OddTableRow">
        <TableCell>
          <Paragraph>asdf</Paragraph>
        </TableCell>
      </TableRow>
    </TableRowGroup>
  </Table>
  <Table>
    <Table.Columns>
      <TableColumn />
      <TableColumn />
      <TableColumn />
      <TableColumn />
    </Table.Columns>
    <TableRowGroup Tag="TableHeader">
      <TableRow>
        <TableCell>
          <Paragraph>a</Paragraph>
        </TableCell>
        <TableCell TextAlignment="Left">
          <Paragraph>b</Paragraph>
        </TableCell>
        <TableCell TextAlignment="Right">
          <Paragraph>c</Paragraph>
        </TableCell>
        <TableCell TextAlignment="Center">
          <Paragraph>d</Paragraph>
        </TableCell>
      </TableRow>
    </TableRowGroup>
    <TableRowGroup Tag="TableBody">
      <TableRow Tag="OddTableRow">
        <TableCell>
          <Paragraph>a</Paragraph>
        </TableCell>
        <TableCell TextAlignment="Left">
          <Paragraph>b</Paragraph>
        </TableCell>
        <TableCell TextAlignment="Right">
          <Paragraph>c</Paragraph>
        </TableCell>
        <TableCell TextAlignment="Center">
          <Paragraph>d</Paragraph>
        </TableCell>
      </TableRow>
      <TableRow Tag="EvenTableRow">
        <TableCell>
          <Paragraph>a</Paragraph>
        </TableCell>
        <TableCell TextAlignment="Left">
          <Paragraph>b</Paragraph>
        </TableCell>
        <TableCell TextAlignment="Right">
          <Paragraph>c</Paragraph>
        </TableCell>
        <TableCell TextAlignment="Center">
          <Paragraph>d</Paragraph>
        </TableCell>
      </TableRow>
    </TableRowGroup>
  </Table>
  <Table>
    <Table.Columns>
      <TableColumn />
      <TableColumn />
      <TableColumn />
      <TableColumn />
      <TableColumn />
    </Table.Columns>
    <TableRowGroup Tag="TableHeader">
      <TableRow>
        <TableCell>
          <Paragraph>a</Paragraph>
        </TableCell>
        <TableCell TextAlignment="Left">
          <Paragraph>b</Paragraph>
        </TableCell>
        <TableCell TextAlignment="Right">
          <Paragraph>c</Paragraph>
        </TableCell>
        <TableCell TextAlignment="Center">
          <Paragraph>d</Paragraph>
        </TableCell>
        <TableCell />
      </TableRow>
    </TableRowGroup>
    <TableRowGroup Tag="TableBody">
      <TableRow Tag="OddTableRow">
        <TableCell>
          <Paragraph>a</Paragraph>
        </TableCell>
        <TableCell TextAlignment="Left">
          <Paragraph>b</Paragraph>
        </TableCell>
        <TableCell TextAlignment="Right">
          <Paragraph>c</Paragraph>
        </TableCell>
        <TableCell TextAlignment="Center">
          <Paragraph>d</Paragraph>
        </TableCell>
        <TableCell />
      </TableRow>
      <TableRow Tag="EvenTableRow">
        <TableCell>
          <Paragraph>a</Paragraph>
        </TableCell>
        <TableCell TextAlignment="Left">
          <Paragraph>b</Paragraph>
        </TableCell>
        <TableCell TextAlignment="Right">
          <Paragraph>c</Paragraph>
        </TableCell>
        <TableCell TextAlignment="Center">
          <Paragraph>d</Paragraph>
        </TableCell>
        <TableCell>
          <Paragraph>e</Paragraph>
        </TableCell>
      </TableRow>
    </TableRowGroup>
  </Table>
  <Table>
    <Table.Columns>
      <TableColumn />
      <TableColumn />
      <TableColumn />
      <TableColumn />
      <TableColumn />
      <TableColumn />
      <TableColumn />
    </Table.Columns>
    <TableRowGroup Tag="TableHeader">
      <TableRow>
        <TableCell TextAlignment="Center">
          <Paragraph>a</Paragraph>
        </TableCell>
        <TableCell TextAlignment="Left">
          <Paragraph>b</Paragraph>
        </TableCell>
        <TableCell TextAlignment="Right">
          <Paragraph>c</Paragraph>
        </TableCell>
        <TableCell>
          <Paragraph>d</Paragraph>
        </TableCell>
        <TableCell />
        <TableCell />
        <TableCell />
      </TableRow>
    </TableRowGroup>
    <TableRowGroup Tag="TableBody">
      <TableRow Tag="OddTableRow">
        <TableCell ColumnSpan="3" TextAlignment="Center">
          <Paragraph>A</Paragraph>
        </TableCell>
        <TableCell ColumnSpan="2" RowSpan="5">
          <Paragraph>C</Paragraph>
        </TableCell>
        <TableCell />
        <TableCell />
      </TableRow>
      <TableRow Tag="EvenTableRow">
        <TableCell TextAlignment="Center">
          <Paragraph>1</Paragraph>
        </TableCell>
        <TableCell TextAlignment="Left">
          <Paragraph>2</Paragraph>
        </TableCell>
        <TableCell TextAlignment="Right">
          <Paragraph>3</Paragraph>
        </TableCell>
        <TableCell ColumnSpan="2" RowSpan="2">
          <Paragraph>4</Paragraph>
        </TableCell>
      </TableRow>
      <TableRow Tag="OddTableRow">
        <TableCell TextAlignment="Center">
          <Paragraph>あ</Paragraph>
        </TableCell>
        <TableCell TextAlignment="Left">
          <Paragraph>い</Paragraph>
        </TableCell>
        <TableCell TextAlignment="Right">
          <Paragraph>う</Paragraph>
        </TableCell>
      </TableRow>
      <TableRow Tag="EvenTableRow">
        <TableCell ColumnSpan="2" TextAlignment="Center">
          <Paragraph>a</Paragraph>
        </TableCell>
        <TableCell TextAlignment="Right">
          <Paragraph>b</Paragraph>
        </TableCell>
        <TableCell />
        <TableCell />
      </TableRow>
      <TableRow Tag="OddTableRow">
        <TableCell />
        <TableCell />
        <TableCell />
        <TableCell />
        <TableCell />
      </TableRow>
    </TableRowGroup>
  </Table>
  <Table>
    <Table.Columns>
      <TableColumn />
      <TableColumn />
      <TableColumn />
      <TableColumn />
    </Table.Columns>
    <TableRowGroup Tag="TableHeader">
      <TableRow>
        <TableCell TextAlignment="Right">
          <Paragraph>a</Paragraph>
        </TableCell>
        <TableCell />
        <TableCell />
        <TableCell />
      </TableRow>
    </TableRowGroup>
    <TableRowGroup Tag="TableBody">
      <TableRow Tag="OddTableRow">
        <TableCell TextAlignment="Right">
          <Paragraph>alpha</Paragraph>
        </TableCell>
        <TableCell />
        <TableCell />
        <TableCell />
      </TableRow>
      <TableRow Tag="EvenTableRow">
        <TableCell TextAlignment="Right">
          <Paragraph>beta</Paragraph>
        </TableCell>
        <TableCell TextAlignment="Center">
          <Paragraph>gamma</Paragraph>
        </TableCell>
        <TableCell />
        <TableCell />
      </TableRow>
      <TableRow Tag="OddTableRow">
        <TableCell ColumnSpan="3" TextAlignment="Right">
          <Paragraph>delta</Paragraph>
        </TableCell>
        <TableCell>
          <Paragraph>epsilon</Paragraph>
        </TableCell>
      </TableRow>
    </TableRowGroup>
  </Table>
  <Table>
    <Table.Columns>
      <TableColumn />
      <TableColumn />
      <TableColumn />
      <TableColumn />
    </Table.Columns>
    <TableRowGroup Tag="TableHeader">
      <TableRow>
        <TableCell>
          <Paragraph>column1</Paragraph>
        </TableCell>
        <TableCell>
          <Paragraph>column2</Paragraph>
        </TableCell>
        <TableCell>
          <Paragraph>column3</Paragraph>
        </TableCell>
        <TableCell>
          <Paragraph>column4</Paragraph>
        </TableCell>
      </TableRow>
    </TableRowGroup>
    <TableRowGroup Tag="TableBody">
      <TableRow Tag="OddTableRow">
        <TableCell RowSpan="2">
          <Paragraph>1-1</Paragraph>
        </TableCell>
        <TableCell ColumnSpan="3">
          <Paragraph>1-2</Paragraph>
        </TableCell>
      </TableRow>
      <TableRow Tag="EvenTableRow">
        <TableCell RowSpan="2">
          <Paragraph>2-2</Paragraph>
        </TableCell>
        <TableCell />
        <TableCell />
      </TableRow>
      <TableRow Tag="OddTableRow">
        <TableCell>
          <Paragraph />
        </TableCell>
        <TableCell />
        <TableCell />
      </TableRow>
      <TableRow Tag="EvenTableRow">
        <TableCell>
          <Paragraph />
        </TableCell>
        <TableCell>
          <Paragraph />
        </TableCell>
        <TableCell RowSpan="2">
          <Paragraph>4-3</Paragraph>
        </TableCell>
        <TableCell />
      </TableRow>
      <TableRow Tag="OddTableRow">
        <TableCell>
          <Paragraph />
        </TableCell>
        <TableCell>
          <Paragraph />
        </TableCell>
        <TableCell>
          <Paragraph />
        </TableCell>
      </TableRow>
      <TableRow Tag="EvenTableRow">
        <TableCell ColumnSpan="2">
          <Paragraph>6-1</Paragraph>
        </TableCell>
        <TableCell>
          <Paragraph>6-3</Paragraph>
        </TableCell>
        <TableCell RowSpan="2">
          <Paragraph>6-4</Paragraph>
        </TableCell>
      </TableRow>
      <TableRow Tag="OddTableRow">
        <TableCell ColumnSpan="3">
          <Paragraph>7-1</Paragraph>
        </TableCell>
      </TableRow>
    </TableRowGroup>
  </Table>
  <Table>
    <Table.Columns>
      <TableColumn />
      <TableColumn />
      <TableColumn />
      <TableColumn />
    </Table.Columns>
    <TableRowGroup Tag="TableHeader">
      <TableRow>
        <TableCell>
          <Paragraph>column1</Paragraph>
        </TableCell>
        <TableCell>
          <Paragraph>column2</Paragraph>
        </TableCell>
        <TableCell>
          <Paragraph>column3</Paragraph>
        </TableCell>
        <TableCell>
          <Paragraph>column4</Paragraph>
        </TableCell>
      </TableRow>
    </TableRowGroup>
    <TableRowGroup Tag="TableBody">
      <TableRow Tag="OddTableRow">
        <TableCell RowSpan="2">
          <Paragraph>1-1</Paragraph>
        </TableCell>
        <TableCell ColumnSpan="3">
          <Paragraph>1-2</Paragraph>
        </TableCell>
      </TableRow>
      <TableRow Tag="EvenTableRow">
        <TableCell RowSpan="2">
          <Paragraph>2-2</Paragraph>
        </TableCell>
        <TableCell />
        <TableCell />
      </TableRow>
      <TableRow Tag="OddTableRow">
        <TableCell>
          <Paragraph />
        </TableCell>
        <TableCell />
        <TableCell />
      </TableRow>
      <TableRow Tag="EvenTableRow">
        <TableCell>
          <Paragraph />
        </TableCell>
        <TableCell>
          <Paragraph />
        </TableCell>
        <TableCell RowSpan="2">
          <Paragraph>4-3</Paragraph>
        </TableCell>
        <TableCell />
      </TableRow>
      <TableRow Tag="OddTableRow">
        <TableCell>
          <Paragraph />
        </TableCell>
        <TableCell />
        <TableCell />
      </TableRow>
      <TableRow Tag="EvenTableRow">
        <TableCell ColumnSpan="2">
          <Paragraph>6-1</Paragraph>
        </TableCell>
        <TableCell>
          <Paragraph>6-3</Paragraph>
        </TableCell>
        <TableCell RowSpan="2">
          <Paragraph>6-4</Paragraph>
        </TableCell>
      </TableRow>
      <TableRow Tag="OddTableRow">
        <TableCell ColumnSpan="3">
          <Paragraph>7-1</Paragraph>
        </TableCell>
      </TableRow>
    </TableRowGroup>
  </Table>
  <BlockUIContainer Tag="RuleSingle">
    <Separator />
  </BlockUIContainer>
  <Table>
    <Table.Columns>
      <TableColumn />
      <TableColumn />
      <TableColumn />
      <TableColumn />
    </Table.Columns>
    <TableRowGroup Tag="TableHeader">
      <TableRow>
        <TableCell>
          <Paragraph>a</Paragraph>
        </TableCell>
        <TableCell TextAlignment="Left">
          <Paragraph>b</Paragraph>
        </TableCell>
        <TableCell TextAlignment="Right">
          <Paragraph>c</Paragraph>
        </TableCell>
        <TableCell TextAlignment="Center">
          <Paragraph>d</Paragraph>
        </TableCell>
      </TableRow>
    </TableRowGroup>
    <TableRowGroup Tag="TableBody">
      <TableRow Tag="OddTableRow">
        <TableCell>
          <Paragraph>a</Paragraph>
        </TableCell>
        <TableCell TextAlignment="Left">
          <Paragraph>b</Paragraph>
        </TableCell>
        <TableCell TextAlignment="Right">
          <Paragraph>c</Paragraph>
        </TableCell>
        <TableCell TextAlignment="Center">
          <Paragraph>d</Paragraph>
        </TableCell>
      </TableRow>
      <TableRow Tag="EvenTableRow">
        <TableCell>
          <Paragraph>a</Paragraph>
        </TableCell>
        <TableCell TextAlignment="Left">
          <Paragraph>b</Paragraph>
        </TableCell>
        <TableCell TextAlignment="Right">
          <Paragraph>c</Paragraph>
        </TableCell>
        <TableCell TextAlignment="Center">
          <Paragraph>d</Paragraph>
        </TableCell>
      </TableRow>
    </TableRowGroup>
  </Table>
  <Table>
    <Table.Columns>
      <TableColumn />
      <TableColumn />
      <TableColumn />
      <TableColumn />
      <TableColumn />
      <TableColumn />
    </Table.Columns>
    <TableRowGroup Tag="TableHeader">
      <TableRow>
        <TableCell TextAlignment="Center">
          <Paragraph>a</Paragraph>
        </TableCell>
        <TableCell TextAlignment="Left">
          <Paragraph>b</Paragraph>
        </TableCell>
        <TableCell TextAlignment="Right">
          <Paragraph>c</Paragraph>
        </TableCell>
        <TableCell>
          <Paragraph>d</Paragraph>
        </TableCell>
        <TableCell />
        <TableCell />
      </TableRow>
    </TableRowGroup>
    <TableRowGroup Tag="TableBody">
      <TableRow Tag="OddTableRow">
        <TableCell ColumnSpan="3" TextAlignment="Center">
          <Paragraph>A</Paragraph>
        </TableCell>
        <TableCell>
          <Paragraph />
        </TableCell>
        <TableCell ColumnSpan="2" RowSpan="4">
          <Paragraph>C</Paragraph>
        </TableCell>
      </TableRow>
      <TableRow Tag="EvenTableRow">
        <TableCell TextAlignment="Center">
          <Paragraph>1</Paragraph>
        </TableCell>
        <TableCell TextAlignment="Left">
          <Paragraph>2</Paragraph>
        </TableCell>
        <TableCell TextAlignment="Right">
          <Paragraph>3</Paragraph>
        </TableCell>
        <TableCell>
          <Paragraph>4</Paragraph>
        </TableCell>
      </TableRow>
      <TableRow Tag="OddTableRow">
        <TableCell TextAlignment="Center">
          <Paragraph>あ</Paragraph>
        </TableCell>
        <TableCell TextAlignment="Left">
          <Paragraph>い</Paragraph>
        </TableCell>
        <TableCell TextAlignment="Right">
          <Paragraph>う</Paragraph>
        </TableCell>
        <TableCell>
          <Paragraph>え</Paragraph>
        </TableCell>
      </TableRow>
      <TableRow Tag="EvenTableRow">
        <TableCell ColumnSpan="2" TextAlignment="Center">
          <Paragraph>a</Paragraph>
        </TableCell>
        <TableCell TextAlignment="Right">
          <Paragraph>b</Paragraph>
        </TableCell>
        <TableCell />
      </TableRow>
    </TableRowGroup>
  </Table>
  <BlockUIContainer Tag="RuleSingle">
    <Separator />
  </BlockUIContainer>
  <Table>
    <Table.Columns>
      <TableColumn />
      <TableColumn />
    </Table.Columns>
    <TableRowGroup Tag="TableHeader">
      <TableRow>
        <TableCell TextAlignment="Right">
          <Paragraph>a<LineBreak />b</Paragraph>
        </TableCell>
        <TableCell />
      </TableRow>
    </TableRowGroup>
    <TableRowGroup Tag="TableBody">
      <TableRow Tag="OddTableRow">
        <TableCell TextAlignment="Right">
          <Paragraph>alpha</Paragraph>
        </TableCell>
        <TableCell />
      </TableRow>
      <TableRow Tag="EvenTableRow">
        <TableCell TextAlignment="Right">
          <Paragraph>be<LineBreak />ta</Paragraph>
        </TableCell>
        <TableCell TextAlignment="Center">
          <Paragraph>gamma</Paragraph>
        </TableCell>
      </TableRow>
      <TableRow Tag="OddTableRow">
        <TableCell TextAlignment="Right">
          <Paragraph>\a. delta</Paragraph>
        </TableCell>
        <TableCell TextAlignment="Center">
          <Paragraph>epsilon<LineBreak />kappa?</Paragraph>
        </TableCell>
      </TableRow>
    </TableRowGroup>
  </Table>
  <BlockUIContainer Tag="RuleSingle">
    <Separator />
  </BlockUIContainer>
  <Table>
    <Table.Columns>
      <TableColumn />
      <TableColumn />
      <TableColumn />
      <TableColumn />
    </Table.Columns>
    <TableRowGroup Tag="TableHeader">
      <TableRow>
        <TableCell TextAlignment="Center">
          <Paragraph>a</Paragraph>
        </TableCell>
        <TableCell TextAlignment="Left">
          <Paragraph>b</Paragraph>
        </TableCell>
        <TableCell TextAlignment="Right">
          <Paragraph>c</Paragraph>
        </TableCell>
        <TableCell>
          <Paragraph>d</Paragraph>
        </TableCell>
      </TableRow>
    </TableRowGroup>
    <TableRowGroup Tag="TableBody">
      <TableRow Tag="OddTableRow">
        <TableCell TextAlignment="Center">
          <Paragraph>a1234567890</Paragraph>
        </TableCell>
        <TableCell TextAlignment="Left">
          <Paragraph>b1234567890</Paragraph>
        </TableCell>
        <TableCell TextAlignment="Right">
          <Paragraph>c1234567890</Paragraph>
        </TableCell>
        <TableCell>
          <Paragraph>d1234567890</Paragraph>
        </TableCell>
      </TableRow>
      <TableRow Tag="EvenTableRow">
        <TableCell TextAlignment="Center">
          <Paragraph>a</Paragraph>
        </TableCell>
        <TableCell RowSpan="2" TextAlignment="Left">
          <Paragraph>b</Paragraph>
        </TableCell>
        <TableCell TextAlignment="Right">
          <Paragraph>c</Paragraph>
        </TableCell>
        <TableCell>
          <Paragraph>d</Paragraph>
        </TableCell>
      </TableRow>
      <TableRow Tag="OddTableRow">
        <TableCell TextAlignment="Center">
          <Paragraph>A</Paragraph>
        </TableCell>
        <TableCell ColumnSpan="2" TextAlignment="Right">
          <Paragraph>C</Paragraph>
        </TableCell>
      </TableRow>
      <TableRow Tag="EvenTableRow">
        <TableCell TextAlignment="Center">
          <Paragraph>1</Paragraph>
        </TableCell>
        <TableCell TextAlignment="Left">
          <Paragraph>2</Paragraph>
        </TableCell>
        <TableCell TextAlignment="Right">
          <Paragraph>3</Paragraph>
        </TableCell>
        <TableCell>
          <Paragraph>4</Paragraph>
        </TableCell>
      </TableRow>
      <TableRow Tag="OddTableRow">
        <TableCell TextAlignment="Center">
          <Paragraph>あ</Paragraph>
        </TableCell>
        <TableCell TextAlignment="Left">
          <Paragraph>い</Paragraph>
        </TableCell>
        <TableCell TextAlignment="Right">
          <Paragraph>う</Paragraph>
        </TableCell>
        <TableCell>
          <Paragraph>え</Paragraph>
        </TableCell>
      </TableRow>
    </TableRowGroup>
  </Table>
  <Table>
    <Table.Columns>
      <TableColumn />
      <TableColumn />
      <TableColumn />
      <TableColumn />
    </Table.Columns>
    <TableRowGroup Tag="TableHeader">
      <TableRow>
        <TableCell TextAlignment="Right">
          <Paragraph>column1</Paragraph>
        </TableCell>
        <TableCell TextAlignment="Center">
          <Paragraph>column2</Paragraph>
        </TableCell>
        <TableCell ColumnSpan="2" TextAlignment="Right">
          <Paragraph>column3</Paragraph>
        </TableCell>
      </TableRow>
    </TableRowGroup>
    <TableRowGroup Tag="TableBody">
      <TableRow Tag="OddTableRow">
        <TableCell RowSpan="4" TextAlignment="Right">
          <Paragraph>alpha</Paragraph>
        </TableCell>
        <TableCell ColumnSpan="2" RowSpan="2" TextAlignment="Center">
          <Paragraph>beta<LineBreak />Gamma</Paragraph>
        </TableCell>
        <TableCell RowSpan="2">
          <Paragraph>Farms</Paragraph>
        </TableCell>
      </TableRow>
      <TableRow Tag="EvenTableRow" />
      <TableRow Tag="OddTableRow">
        <TableCell RowSpan="3" TextAlignment="Center">
          <Paragraph>alpha</Paragraph>
        </TableCell>
        <TableCell ColumnSpan="2" TextAlignment="Right">
          <Paragraph>bar3</Paragraph>
        </TableCell>
      </TableRow>
      <TableRow Tag="EvenTableRow">
        <TableCell TextAlignment="Right">
          <Paragraph>foo3</Paragraph>
        </TableCell>
        <TableCell>
          <Paragraph>foo3</Paragraph>
        </TableCell>
      </TableRow>
      <TableRow Tag="OddTableRow">
        <TableCell RowSpan="2" TextAlignment="Right">
          <Paragraph>delta</Paragraph>
        </TableCell>
        <TableCell TextAlignment="Right">
          <Paragraph>foo3</Paragraph>
        </TableCell>
        <TableCell>
          <Paragraph>foo3</Paragraph>
        </TableCell>
      </TableRow>
      <TableRow Tag="EvenTableRow">
        <TableCell ColumnSpan="2" TextAlignment="Center">
          <Paragraph>bar3</Paragraph>
        </TableCell>
        <TableCell>
          <Paragraph>foo3</Paragraph>
        </TableCell>
      </TableRow>
    </TableRowGroup>
  </Table>
</FlowDocument>
