<?xml version="1.0" encoding="utf-16"?>
<FlowDocument Style="{x:Null}" xmlns="http://schemas.microsoft.com/winfx/2006/xaml/presentation" xmlns:avalonedit="http://icsharpcode.net/sharpdevelop/avalonedit" xmlns:icscaed="clr-namespace:ICSharpCode.AvalonEdit.Document;assembly=ICSharpCode.AvalonEdit" xmlns:scmd="clr-namespace:System.ComponentModel.Design;assembly=System" xmlns:x="http://schemas.microsoft.com/winfx/2006/xaml">
  <Paragraph Tag="Heading1">
    <Run Tag="CodeSpan">```</Run>
  </Paragraph>
  <BlockUIContainer Tag="CodeBlock">
    <avalonedit:TextEditor IsReadOnly="True" IsModified="True" HorizontalAlignment="Stretch" xml:space="preserve"><avalonedit:TextEditor.Document><icscaed:TextDocument Text="```cs&#xA;public void Main(){&#xA;    Console.WriteLine(&quot;`Hello World`&quot;);&#xA;}&#xA;```" FileName="{x:Null}"><icscaed:TextDocument.UndoStack><icscaed:UndoStack SizeLimit="2147483647" /></icscaed:TextDocument.UndoStack><icscaed:TextDocument.ServiceProvider><scmd:ServiceContainer /></icscaed:TextDocument.ServiceProvider></icscaed:TextDocument></avalonedit:TextEditor.Document><avalonedit:TextEditor.Options><avalonedit:TextEditorOptions /></avalonedit:TextEditor.Options>```cs
public void Main(){
    Console.WriteLine("`Hello World`");
}
```</avalonedit:TextEditor>
  </BlockUIContainer>
  <BlockUIContainer Tag="CodeBlock">
    <avalonedit:TextEditor SyntaxHighlighting="C#" IsReadOnly="True" IsModified="True" HorizontalAlignment="Stretch" xml:space="preserve"><avalonedit:TextEditor.Document><icscaed:TextDocument Text="public void Main(){&#xA;    Console.WriteLine(&quot;`Hello World`&quot;);&#xA;}" FileName="{x:Null}"><icscaed:TextDocument.UndoStack><icscaed:UndoStack SizeLimit="2147483647" /></icscaed:TextDocument.UndoStack><icscaed:TextDocument.ServiceProvider><scmd:ServiceContainer /></icscaed:TextDocument.ServiceProvider></icscaed:TextDocument></avalonedit:TextEditor.Document><avalonedit:TextEditor.Options><avalonedit:TextEditorOptions /></avalonedit:TextEditor.Options>public void Main(){
    Console.WriteLine("`Hello World`");
}</avalonedit:TextEditor>
  </BlockUIContainer>
  <Section Tag="Blockquote">
    <BlockUIContainer Tag="CodeBlock">
      <avalonedit:TextEditor SyntaxHighlighting="C#" IsReadOnly="True" IsModified="True" HorizontalAlignment="Stretch" xml:space="preserve"><avalonedit:TextEditor.Document><icscaed:TextDocument Text="public void Main(){&#xA;    Console.WriteLine(&quot;`Hello World`&quot;);&#xA;}" FileName="{x:Null}"><icscaed:TextDocument.UndoStack><icscaed:UndoStack SizeLimit="2147483647" /></icscaed:TextDocument.UndoStack><icscaed:TextDocument.ServiceProvider><scmd:ServiceContainer /></icscaed:TextDocument.ServiceProvider></icscaed:TextDocument></avalonedit:TextEditor.Document><avalonedit:TextEditor.Options><avalonedit:TextEditorOptions /></avalonedit:TextEditor.Options>public void Main(){
    Console.WriteLine("`Hello World`");
}</avalonedit:TextEditor>
    </BlockUIContainer>
  </Section>
  <BlockUIContainer Tag="CodeBlock">
    <avalonedit:TextEditor SyntaxHighlighting="C#" IsReadOnly="True" IsModified="True" HorizontalAlignment="Stretch" xml:space="preserve"><avalonedit:TextEditor.Document><icscaed:TextDocument Text="   public void Main(){&#xA;       Console.WriteLine(&quot;`Hello World`&quot;);&#xA;   }" FileName="{x:Null}"><icscaed:TextDocument.UndoStack><icscaed:UndoStack SizeLimit="2147483647" /></icscaed:TextDocument.UndoStack><icscaed:TextDocument.ServiceProvider><scmd:ServiceContainer /></icscaed:TextDocument.ServiceProvider></icscaed:TextDocument></avalonedit:TextEditor.Document><avalonedit:TextEditor.Options><avalonedit:TextEditorOptions /></avalonedit:TextEditor.Options>   public void Main(){
       Console.WriteLine("`Hello World`");
   }</avalonedit:TextEditor>
  </BlockUIContainer>
  <BlockUIContainer Tag="CodeBlock">
    <avalonedit:TextEditor IsReadOnly="True" IsModified="True" HorizontalAlignment="Stretch" xml:space="preserve"><avalonedit:TextEditor.Document><icscaed:TextDocument Text="```cs&#xA;public void Main(){&#xA;    Console.WriteLine(&quot;`Hello World`&quot;);&#xA;}&#xA;```" FileName="{x:Null}"><icscaed:TextDocument.UndoStack><icscaed:UndoStack SizeLimit="2147483647" /></icscaed:TextDocument.UndoStack><icscaed:TextDocument.ServiceProvider><scmd:ServiceContainer /></icscaed:TextDocument.ServiceProvider></icscaed:TextDocument></avalonedit:TextEditor.Document><avalonedit:TextEditor.Options><avalonedit:TextEditorOptions /></avalonedit:TextEditor.Options>```cs
public void Main(){
    Console.WriteLine("`Hello World`");
}
```</avalonedit:TextEditor>
  </BlockUIContainer>
  <List MarkerStyle="Disc">
    <ListItem>
      <BlockUIContainer Tag="CodeBlock">
        <avalonedit:TextEditor SyntaxHighlighting="C#" IsReadOnly="True" IsModified="True" HorizontalAlignment="Stretch" xml:space="preserve"><avalonedit:TextEditor.Document><icscaed:TextDocument Text="public void Main(){&#xA;&#xA;&#xA;&#xA;&#xA;&#xA;&#xA;&#xA;&#xA;&#xA;}" FileName="{x:Null}"><icscaed:TextDocument.UndoStack><icscaed:UndoStack SizeLimit="2147483647" /></icscaed:TextDocument.UndoStack><icscaed:TextDocument.ServiceProvider><scmd:ServiceContainer /></icscaed:TextDocument.ServiceProvider></icscaed:TextDocument></avalonedit:TextEditor.Document><avalonedit:TextEditor.Options><avalonedit:TextEditorOptions /></avalonedit:TextEditor.Options>public void Main(){









}</avalonedit:TextEditor>
      </BlockUIContainer>
    </ListItem>
  </List>
  <BlockUIContainer Tag="RuleBold">
    <StackPanel>
      <Separator Margin="0,0,0,0" />
      <Separator Margin="0,0,0,0" />
    </StackPanel>
  </BlockUIContainer>
  <List MarkerStyle="Box">
    <ListItem>
      <Paragraph>one</Paragraph>
      <BlockUIContainer Tag="CodeBlock">
        <avalonedit:TextEditor IsReadOnly="True" IsModified="True" HorizontalAlignment="Stretch" xml:space="preserve"><avalonedit:TextEditor.Document><icscaed:TextDocument Text="public void Main(){&#xA;&#xA;&#xA;&#xA;&#xA;&#xA;&#xA;&#xA;&#xA;&#xA;}" FileName="{x:Null}"><icscaed:TextDocument.UndoStack><icscaed:UndoStack SizeLimit="2147483647" /></icscaed:TextDocument.UndoStack><icscaed:TextDocument.ServiceProvider><scmd:ServiceContainer /></icscaed:TextDocument.ServiceProvider></icscaed:TextDocument></avalonedit:TextEditor.Document><avalonedit:TextEditor.Options><avalonedit:TextEditorOptions /></avalonedit:TextEditor.Options>public void Main(){









}</avalonedit:TextEditor>
      </BlockUIContainer>
    </ListItem>
  </List>
  <BlockUIContainer Tag="RuleDouble">
    <StackPanel>
      <Separator />
      <Separator />
    </StackPanel>
  </BlockUIContainer>
  <List MarkerStyle="Box">
    <ListItem>
      <Paragraph>one</Paragraph>
      <BlockUIContainer Tag="CodeBlock">
        <avalonedit:TextEditor IsReadOnly="True" IsModified="True" HorizontalAlignment="Stretch" xml:space="preserve"><avalonedit:TextEditor.Document><icscaed:TextDocument Text="public void Main(){&#xA;&#xA;&#xA;&#xA;&#xA;&#xA;&#xA;&#xA;&#xA;&#xA;}" FileName="{x:Null}"><icscaed:TextDocument.UndoStack><icscaed:UndoStack SizeLimit="2147483647" /></icscaed:TextDocument.UndoStack><icscaed:TextDocument.ServiceProvider><scmd:ServiceContainer /></icscaed:TextDocument.ServiceProvider></icscaed:TextDocument></avalonedit:TextEditor.Document><avalonedit:TextEditor.Options><avalonedit:TextEditorOptions /></avalonedit:TextEditor.Options>public void Main(){









}</avalonedit:TextEditor>
      </BlockUIContainer>
    </ListItem>
  </List>
  <Paragraph Tag="Heading1">Indent</Paragraph>
  <BlockUIContainer Tag="CodeBlock">
    <avalonedit:TextEditor IsReadOnly="True" IsModified="True" HorizontalAlignment="Stretch" xml:space="preserve"><avalonedit:TextEditor.Document><icscaed:TextDocument Text="abcd&#xA;efgh" FileName="{x:Null}"><icscaed:TextDocument.UndoStack><icscaed:UndoStack SizeLimit="2147483647" /></icscaed:TextDocument.UndoStack><icscaed:TextDocument.ServiceProvider><scmd:ServiceContainer /></icscaed:TextDocument.ServiceProvider></icscaed:TextDocument></avalonedit:TextEditor.Document><avalonedit:TextEditor.Options><avalonedit:TextEditorOptions /></avalonedit:TextEditor.Options>abcd
efgh</avalonedit:TextEditor>
  </BlockUIContainer>
  <BlockUIContainer Tag="RuleSingle">
    <Separator />
  </BlockUIContainer>
  <BlockUIContainer Tag="CodeBlock">
    <avalonedit:TextEditor IsReadOnly="True" IsModified="True" HorizontalAlignment="Stretch" xml:space="preserve"><avalonedit:TextEditor.Document><icscaed:TextDocument Text=" abcd&#xA;efgh" FileName="{x:Null}"><icscaed:TextDocument.UndoStack><icscaed:UndoStack SizeLimit="2147483647" /></icscaed:TextDocument.UndoStack><icscaed:TextDocument.ServiceProvider><scmd:ServiceContainer /></icscaed:TextDocument.ServiceProvider></icscaed:TextDocument></avalonedit:TextEditor.Document><avalonedit:TextEditor.Options><avalonedit:TextEditorOptions /></avalonedit:TextEditor.Options> abcd
efgh</avalonedit:TextEditor>
  </BlockUIContainer>
  <BlockUIContainer Tag="RuleSingle">
    <Separator />
  </BlockUIContainer>
  <BlockUIContainer Tag="CodeBlock">
    <avalonedit:TextEditor IsReadOnly="True" IsModified="True" HorizontalAlignment="Stretch" xml:space="preserve"><avalonedit:TextEditor.Document><icscaed:TextDocument Text="abcd&#xA; efgh&#xA;&#xA; ijkl&#xA;&#xA;opqr" FileName="{x:Null}"><icscaed:TextDocument.UndoStack><icscaed:UndoStack SizeLimit="2147483647" /></icscaed:TextDocument.UndoStack><icscaed:TextDocument.ServiceProvider><scmd:ServiceContainer /></icscaed:TextDocument.ServiceProvider></icscaed:TextDocument></avalonedit:TextEditor.Document><avalonedit:TextEditor.Options><avalonedit:TextEditorOptions /></avalonedit:TextEditor.Options>abcd
 efgh

 ijkl

opqr</avalonedit:TextEditor>
  </BlockUIContainer>
  <BlockUIContainer Tag="RuleSingle">
    <Separator />
  </BlockUIContainer>
  <Section Tag="Blockquote">
    <BlockUIContainer Tag="CodeBlock">
      <avalonedit:TextEditor IsReadOnly="True" IsModified="True" HorizontalAlignment="Stretch" xml:space="preserve"><avalonedit:TextEditor.Document><icscaed:TextDocument Text="asdf&#xA; ghij" FileName="{x:Null}"><icscaed:TextDocument.UndoStack><icscaed:UndoStack SizeLimit="2147483647" /></icscaed:TextDocument.UndoStack><icscaed:TextDocument.ServiceProvider><scmd:ServiceContainer /></icscaed:TextDocument.ServiceProvider></icscaed:TextDocument></avalonedit:TextEditor.Document><avalonedit:TextEditor.Options><avalonedit:TextEditorOptions /></avalonedit:TextEditor.Options>asdf
 ghij</avalonedit:TextEditor>
    </BlockUIContainer>
  </Section>
  <List MarkerStyle="Disc">
    <ListItem>
      <BlockUIContainer Tag="CodeBlock">
        <avalonedit:TextEditor IsReadOnly="True" IsModified="True" HorizontalAlignment="Stretch" xml:space="preserve"><avalonedit:TextEditor.Document><icscaed:TextDocument Text="public void Main(){&#xA;&#xA;&#xA;&#xA;&#xA;&#xA;&#xA;&#xA;&#xA;&#xA;}" FileName="{x:Null}"><icscaed:TextDocument.UndoStack><icscaed:UndoStack SizeLimit="2147483647" /></icscaed:TextDocument.UndoStack><icscaed:TextDocument.ServiceProvider><scmd:ServiceContainer /></icscaed:TextDocument.ServiceProvider></icscaed:TextDocument></avalonedit:TextEditor.Document><avalonedit:TextEditor.Options><avalonedit:TextEditorOptions /></avalonedit:TextEditor.Options>public void Main(){









}</avalonedit:TextEditor>
      </BlockUIContainer>
    </ListItem>
  </List>
  <BlockUIContainer Tag="RuleBold">
    <StackPanel>
      <Separator Margin="0,0,0,0" />
      <Separator Margin="0,0,0,0" />
    </StackPanel>
  </BlockUIContainer>
  <List MarkerStyle="Box">
    <ListItem>
      <Paragraph>one public void Main(){</Paragraph>
      <BlockUIContainer Tag="CodeBlock">
        <avalonedit:TextEditor IsReadOnly="True" IsModified="True" HorizontalAlignment="Stretch">
          <avalonedit:TextEditor.Document>
            <icscaed:TextDocument Text="}" FileName="{x:Null}">
              <icscaed:TextDocument.UndoStack>
                <icscaed:UndoStack SizeLimit="2147483647" />
              </icscaed:TextDocument.UndoStack>
              <icscaed:TextDocument.ServiceProvider>
                <scmd:ServiceContainer />
              </icscaed:TextDocument.ServiceProvider>
            </icscaed:TextDocument>
          </avalonedit:TextEditor.Document>
          <avalonedit:TextEditor.Options>
            <avalonedit:TextEditorOptions />
          </avalonedit:TextEditor.Options>}</avalonedit:TextEditor>
      </BlockUIContainer>
    </ListItem>
  </List>
  <BlockUIContainer Tag="RuleBold">
    <StackPanel>
      <Separator Margin="0,0,0,0" />
      <Separator Margin="0,0,0,0" />
    </StackPanel>
  </BlockUIContainer>
  <List MarkerStyle="Box">
    <ListItem>
      <Paragraph>one</Paragraph>
      <BlockUIContainer Tag="CodeBlock">
        <avalonedit:TextEditor IsReadOnly="True" IsModified="True" HorizontalAlignment="Stretch" xml:space="preserve"><avalonedit:TextEditor.Document><icscaed:TextDocument Text="public void Main(){&#xA;&#xA;&#xA;&#xA;&#xA;&#xA;&#xA;&#xA;&#xA;&#xA;}" FileName="{x:Null}"><icscaed:TextDocument.UndoStack><icscaed:UndoStack SizeLimit="2147483647" /></icscaed:TextDocument.UndoStack><icscaed:TextDocument.ServiceProvider><scmd:ServiceContainer /></icscaed:TextDocument.ServiceProvider></icscaed:TextDocument></avalonedit:TextEditor.Document><avalonedit:TextEditor.Options><avalonedit:TextEditorOptions /></avalonedit:TextEditor.Options>public void Main(){









}</avalonedit:TextEditor>
      </BlockUIContainer>
    </ListItem>
  </List>
</FlowDocument>
