<?xml version="1.0" encoding="utf-16"?>
<FlowDocument Style="{x:Null}" xmlns="http://schemas.microsoft.com/winfx/2006/xaml/presentation" xmlns:x="http://schemas.microsoft.com/winfx/2006/xaml">
  <Paragraph>A remote <Image Tag="image" Width="1" Margin="0,0,0,0"><Image.Source><BitmapImage BaseUri="{x:Null}" UriCachePolicy="BypassCache" UriSource="http://placehold.it/350x150" CreateOptions="IgnoreImageCache" CacheOption="OnLoad" /></Image.Source></Image>.</Paragraph>
  <Paragraph>Images side by side <Image Tag="imageleft" Width="1" Margin="0,0,0,0"><Image.Source><BitmapImage BaseUri="{x:Null}" UriCachePolicy="BypassCache" UriSource="http://placehold.it/100x150/0000FF" CreateOptions="IgnoreImageCache" CacheOption="OnLoad" /></Image.Source></Image><Image Tag="imageright" Width="1" Margin="0,0,0,0"><Image.Source><BitmapImage BaseUri="{x:Null}" UriCachePolicy="BypassCache" UriSource="http://placehold.it/100x150/00FFFF" CreateOptions="IgnoreImageCache" CacheOption="OnLoad" /></Image.Source></Image></Paragraph>
  <Paragraph>
    <Image Tag="imageright" Width="1" Margin="0,0,0,0">
      <Image.Source>
        <BitmapImage BaseUri="{x:Null}" UriCachePolicy="BypassCache" UriSource="http://placehold.it/100x150/00FFFF" CreateOptions="IgnoreImageCache" CacheOption="OnLoad" />
      </Image.Source>
    </Image>
  </Paragraph>
  <Paragraph>A resource image <Image Tag="image" Width="701.6608276367188" Margin="0,0,0,0"><Image.Source><BitmapImage BaseUri="{x:Null}" UriCachePolicy="BypassCache" UriSource="pack://application:,,,/MdXaml.Test;Component/RscImg.png" CreateOptions="IgnoreImageCache" CacheOption="OnLoad" /></Image.Source></Image>. A local image <Image Tag="image" Width="384.1552734375" Margin="0,0,0,0"><Image.Source><BitmapImage BaseUri="{x:Null}" UriCachePolicy="BypassCache" UriSource="<assetpathroot>\ExtImg.png" CreateOptions="IgnoreImageCache" CacheOption="OnLoad" /></Image.Source></Image>.</Paragraph>
</FlowDocument>
