<?xml version="1.0" encoding="utf-16"?>
<FlowDocument Style="{x:Null}" xmlns="http://schemas.microsoft.com/winfx/2006/xaml/presentation" xmlns:x="http://schemas.microsoft.com/winfx/2006/xaml">
  <Paragraph>😄</Paragraph>
  <Paragraph>smile😠😄</Paragraph>
  <Paragraph>:angry:</Paragraph>
  <Paragraph>:unknown_missing_symbols:</Paragraph>
  <Paragraph>:lackoftxt</Paragraph>
</FlowDocument>
