<?xml version="1.0" encoding="utf-16"?>
<FlowDocument Style="{x:Null}" xmlns="http://schemas.microsoft.com/winfx/2006/xaml/presentation" xmlns:x="http://schemas.microsoft.com/winfx/2006/xaml">
  <Section Tag="Blockquote">
    <Paragraph Tag="Heading2">Features</Paragraph>
    <Paragraph>MarkDown.Xaml has a number of convenient features</Paragraph>
    <List MarkerStyle="Disc">
      <ListItem>
        <Paragraph>The engine itself is a single file, for easy inclusion in your own projects</Paragraph>
      </ListItem>
      <ListItem>
        <Paragraph xml:space="preserve">Code for the engine is structured in the same manner as the original MarkdownSharp </Paragraph>
      </ListItem>
      <ListItem>
        <Paragraph>Includes a <Run Tag="CodeSpan">TextToFlowDocumentConverter</Run> to make it easy to bind Markdown text</Paragraph>
      </ListItem>
    </List>
  </Section>
  <Section Tag="Blockquote">
    <Paragraph Tag="Heading2">Features</Paragraph>
    <Paragraph>MarkDown.Xaml has a number of convenient features</Paragraph>
    <List MarkerStyle="Disc">
      <ListItem>
        <Paragraph>The engine itself is a single file, for easy inclusion in your own projects</Paragraph>
      </ListItem>
      <ListItem>
        <Paragraph xml:space="preserve">Code for the engine is structured in the same manner as the original MarkdownSharp </Paragraph>
      </ListItem>
      <ListItem>
        <Paragraph>Includes a <Run Tag="CodeSpan">TextToFlowDocumentConverter</Run> to make it easy to bind Markdown text</Paragraph>
      </ListItem>
    </List>
  </Section>
</FlowDocument>
