<?xml version="1.0" encoding="utf-16"?>
<FlowDocument Style="{x:Null}" xmlns="http://schemas.microsoft.com/winfx/2006/xaml/presentation" xmlns:x="http://schemas.microsoft.com/winfx/2006/xaml">
  <Paragraph>Just a <Hyperlink Command="GoToPage" CommandParameter="/url/" ToolTip="/url/">URL</Hyperlink>.</Paragraph>
  <Paragraph>
    <Hyperlink Command="GoToPage" CommandParameter="/url/" ToolTip="&quot;title&quot;&#xD;&#xA;/url/">URL and title</Hyperlink>.</Paragraph>
  <Paragraph>
    <Hyperlink Command="GoToPage" CommandParameter="/url/" ToolTip="&quot;title preceded by two spaces&quot;&#xD;&#xA;/url/">URL and title</Hyperlink>.</Paragraph>
  <Paragraph>
    <Hyperlink Command="GoToPage" CommandParameter="/url/" ToolTip="&quot;title preceded by a tab&quot;&#xD;&#xA;/url/">URL and title</Hyperlink>.</Paragraph>
  <Paragraph>
    <Hyperlink Command="GoToPage" CommandParameter="/url/" ToolTip="&quot;title has spaces afterward&quot;&#xD;&#xA;/url/">URL and title</Hyperlink>.</Paragraph>
  <Paragraph>
    <Hyperlink Command="GoToPage" CommandParameter="&lt;/url/&gt;" ToolTip="&lt;/url/&gt;">URL wrapped in angle brackets</Hyperlink>.</Paragraph>
  <Paragraph>
    <Hyperlink Command="GoToPage" CommandParameter="&lt;/url/&gt;" ToolTip="&quot;Here's the title&quot;&#xD;&#xA;&lt;/url/&gt;">URL w/ angle brackets + title</Hyperlink>.</Paragraph>
  <Paragraph>
    <Hyperlink Command="GoToPage" CommandParameter="" ToolTip="">Empty</Hyperlink>.</Paragraph>
  <Paragraph>
    <Hyperlink Command="GoToPage" CommandParameter="http://en.wikipedia.org/wiki/WIMP_(computing)" ToolTip="http://en.wikipedia.org/wiki/WIMP_(computing)">With parens in the URL</Hyperlink>
  </Paragraph>
  <Paragraph>(With outer parens and <Hyperlink Command="GoToPage" CommandParameter="/foo(bar)" ToolTip="/foo(bar)">parens in url</Hyperlink>)</Paragraph>
  <Paragraph>
    <Hyperlink Command="GoToPage" CommandParameter="/foo(bar)" ToolTip="&quot;and a title&quot;&#xD;&#xA;/foo(bar)">With parens in the URL</Hyperlink>
  </Paragraph>
  <Paragraph>(With outer parens and <Hyperlink Command="GoToPage" CommandParameter="/foo(bar)" ToolTip="&quot;and a title&quot;&#xD;&#xA;/foo(bar)">parens in url</Hyperlink>)</Paragraph>
</FlowDocument>
