<?xml version="1.0" encoding="utf-16"?>
<FlowDocument Style="{x:Null}" xmlns="http://schemas.microsoft.com/winfx/2006/xaml/presentation" xmlns:x="http://schemas.microsoft.com/winfx/2006/xaml">
  <Paragraph>Header 1</Paragraph>
  <Paragraph xml:space="preserve">Lorem ipsum dolor sit amet, consectetur adipiscing elit. Duis orci erat, hendrerit et interdum at, feugiat non diam. Vestibulum id odio non elit consectetur faucibus quis a urna. </Paragraph>
  <Paragraph>Header 2</Paragraph>
  <Paragraph xml:space="preserve">Lorem ipsum dolor sit amet, consectetur adipiscing elit. Duis orci erat, hendrerit et interdum at, feugiat non diam. Vestibulum id odio non elit consectetur faucibus quis a urna. </Paragraph>
  <Paragraph>Header Level 1</Paragraph>
  <Paragraph xml:space="preserve">Lorem ipsum dolor sit amet, consectetur adipiscing elit. Duis orci erat, hendrerit et interdum at, feugiat non diam. Vestibulum id odio non elit consectetur faucibus quis a urna. </Paragraph>
  <Paragraph>Header Level 2</Paragraph>
  <Paragraph xml:space="preserve">Lorem ipsum dolor sit amet, consectetur adipiscing elit. Duis orci erat, hendrerit et interdum at, feugiat non diam. Vestibulum id odio non elit consectetur faucibus quis a urna. </Paragraph>
  <Paragraph>Header Level 3</Paragraph>
  <Paragraph xml:space="preserve">Lorem ipsum dolor sit amet, consectetur adipiscing elit. Duis orci erat, hendrerit et interdum at, feugiat non diam. Vestibulum id odio non elit consectetur faucibus quis a urna. </Paragraph>
  <Paragraph>Header Level 4</Paragraph>
  <Paragraph xml:space="preserve">Lorem ipsum dolor sit amet, consectetur adipiscing elit. Duis orci erat, hendrerit et interdum at, feugiat non diam. Vestibulum id odio non elit consectetur faucibus quis a urna. </Paragraph>
</FlowDocument>
